scylladb:
    scylla:
        tag:
            4.0.11:
                etc:
                    scylla:
                        scylla.yaml:
                            api_address: 127.0.0.1
                            api_doc_dir: /opt/scylladb/api/api-doc/
                            api_port: 10000
                            api_ui_dir: /opt/scylladb/swagger-ui/dist/
                            batch_size_fail_threshold_in_kb: 50
                            batch_size_warn_threshold_in_kb: 5
                            cas_contention_timeout_in_ms: 1000
                            commitlog_segment_size_in_mb: 32
                            commitlog_sync: periodic
                            commitlog_sync_period_in_ms: 10000
                            commitlog_total_space_in_mb: -1
                            endpoint_snitch: SimpleSnitch
                            listen_address: localhost
                            murmur3_partitioner_ignore_msb_bits: 12
                            native_transport_port: 9042
                            num_tokens: 256
                            partitioner: org.apache.cassandra.dht.Murmur3Partitioner
                            read_request_timeout_in_ms: 5000
                            rpc_address: localhost
                            rpc_port: 9160
                            seed_provider:
                                - class_name: org.apache.cassandra.locator.SimpleSeedProvider
                                  parameters:
                                    - seeds: 127.0.0.1
                            write_request_timeout_in_ms: 2000
                    scylla.d:
                        cpuset.conf:
                            CPUSET:
                                --cpuset: 0
                                --smp: 1
                        io.conf:
                            SEASTAR_IO:
                                --max-io-requests: 1
                                --num-io-queues: 1
                    sysconfig:
                        scylla-server:
                            AMI: "no"
                            BRIDGE: virbr0
                            ETHDRV: ""
                            ETHPCIID: ""
                            GROUP: scylla
                            IFNAME: eth0
                            NETWORK_MODE: posix
                            NR_HUGEPAGES: 64
                            SCYLLA_ARGS:
                                --default-log-level: info
                                --log-to-stdout: 1
                                --log-to-syslog: 0
                                --network-stack: posix
                            SCYLLA_CONF: /etc/scylla
                            SCYLLA_HOME: /var/lib/scylla
                            SET_NIC_AND_DISKS: "no"
                            TAP: tap0
                            USER: scylla
            4.1.9:
                etc:
                    scylla:
                        scylla.yaml:
                            api_address: 127.0.0.1
                            api_doc_dir: /opt/scylladb/api/api-doc/
                            api_port: 10000
                            api_ui_dir: /opt/scylladb/swagger-ui/dist/
                            batch_size_fail_threshold_in_kb: 50
                            batch_size_warn_threshold_in_kb: 5
                            cas_contention_timeout_in_ms: 1000
                            commitlog_segment_size_in_mb: 32
                            commitlog_sync: periodic
                            commitlog_sync_period_in_ms: 10000
                            commitlog_total_space_in_mb: -1
                            endpoint_snitch: SimpleSnitch
                            listen_address: localhost
                            murmur3_partitioner_ignore_msb_bits: 12
                            native_transport_port: 9042
                            num_tokens: 256
                            partitioner: org.apache.cassandra.dht.Murmur3Partitioner
                            read_request_timeout_in_ms: 5000
                            rpc_address: localhost
                            rpc_port: 9160
                            seed_provider:
                                - class_name: org.apache.cassandra.locator.SimpleSeedProvider
                                  parameters:
                                    - seeds: 127.0.0.1
                            write_request_timeout_in_ms: 2000
                    scylla.d:
                        cpuset.conf:
                            CPUSET:
                                --cpuset: 0
                                --smp: 1
                        io.conf:
                            SEASTAR_IO:
                                --max-io-requests: 1
                                --num-io-queues: 1
                    sysconfig:
                        scylla-server:
                            AMI: "no"
                            BRIDGE: virbr0
                            ETHDRV: ""
                            ETHPCIID: ""
                            GROUP: scylla
                            IFNAME: eth0
                            NETWORK_MODE: posix
                            NR_HUGEPAGES: 64
                            SCYLLA_ARGS:
                                --default-log-level: info
                                --log-to-stdout: 1
                                --log-to-syslog: 0
                                --network-stack: posix
                            SCYLLA_CONF: /etc/scylla
                            SCYLLA_HOME: /var/lib/scylla
                            SET_NIC_AND_DISKS: "no"
                            TAP: tap0
                            USER: scylla
            4.2.1:
                etc:
                    scylla:
                        scylla.yaml:
                            api_address: 127.0.0.1
                            api_doc_dir: /opt/scylladb/api/api-doc/
                            api_port: 10000
                            api_ui_dir: /opt/scylladb/swagger-ui/dist/
                            batch_size_fail_threshold_in_kb: 50
                            batch_size_warn_threshold_in_kb: 5
                            cas_contention_timeout_in_ms: 1000
                            commitlog_segment_size_in_mb: 32
                            commitlog_sync: periodic
                            commitlog_sync_period_in_ms: 10000
                            commitlog_total_space_in_mb: -1
                            endpoint_snitch: SimpleSnitch
                            listen_address: localhost
                            murmur3_partitioner_ignore_msb_bits: 12
                            native_transport_port: 9042
                            num_tokens: 256
                            partitioner: org.apache.cassandra.dht.Murmur3Partitioner
                            read_request_timeout_in_ms: 5000
                            rpc_address: localhost
                            rpc_port: 9160
                            seed_provider:
                                - class_name: org.apache.cassandra.locator.SimpleSeedProvider
                                  parameters:
                                    - seeds: 127.0.0.1
                            write_request_timeout_in_ms: 2000
                    scylla.d:
                        cpuset.conf:
                            CPUSET:
                                --cpuset: 0
                                --smp: 1
                        io.conf:
                            SEASTAR_IO:
                                --max-io-requests: 1
                                --num-io-queues: 1
                    sysconfig:
                        scylla-server:
                            AMI: "no"
                            BRIDGE: virbr0
                            ETHDRV: ""
                            ETHPCIID: ""
                            GROUP: scylla
                            IFNAME: eth0
                            NETWORK_MODE: posix
                            NR_HUGEPAGES: 64
                            SCYLLA_ARGS:
                                --default-log-level: info
                                --log-to-stdout: 1
                                --log-to-syslog: 0
                                --network-stack: posix
                            SCYLLA_CONF: /etc/scylla
                            SCYLLA_HOME: /var/lib/scylla
                            SET_NIC_AND_DISKS: "no"
                            TAP: tap0
                            USER: scylla
